Release 14.7 - xst P.20131013 (nt64)
Copyright (c) 1995-2013 Xilinx, Inc.  All rights reserved.
--> Parameter TMPDIR set to xst/projnav.tmp


Total REAL time to Xst completion: 0.00 secs
Total CPU time to Xst completion: 0.09 secs
 
--> Parameter xsthdpdir set to xst


Total REAL time to Xst completion: 0.00 secs
Total CPU time to Xst completion: 0.11 secs
 
--> Reading design: TOP.prj

TABLE OF CONTENTS
  1) Synthesis Options Summary
  2) HDL Parsing
  3) HDL Elaboration
  4) HDL Synthesis
       4.1) HDL Synthesis Report
  5) Advanced HDL Synthesis
       5.1) Advanced HDL Synthesis Report
  6) Low Level Synthesis
  7) Partition Report
  8) Design Summary
       8.1) Primitive and Black Box Usage
       8.2) Device utilization summary
       8.3) Partition Resource Summary
       8.4) Timing Report
            8.4.1) Clock Information
            8.4.2) Asynchronous Control Signals Information
            8.4.3) Timing Summary
            8.4.4) Timing Details
            8.4.5) Cross Clock Domains Report


=========================================================================
*                      Synthesis Options Summary                        *
=========================================================================
---- Source Parameters
Input File Name                    : "TOP.prj"
Ignore Synthesis Constraint File   : NO

---- Target Parameters
Output File Name                   : "TOP"
Output Format                      : NGC
Target Device                      : xc7a100t-3-csg324

---- Source Options
Top Module Name                    : TOP
Automatic FSM Extraction           : YES
FSM Encoding Algorithm             : Auto
Safe Implementation                : No
FSM Style                          : LUT
RAM Extraction                     : Yes
RAM Style                          : Auto
ROM Extraction                     : Yes
Shift Register Extraction          : YES
ROM Style                          : Auto
Resource Sharing                   : YES
Asynchronous To Synchronous        : NO
Shift Register Minimum Size        : 2
Use DSP Block                      : Auto
Automatic Register Balancing       : No

---- Target Options
LUT Combining                      : Auto
Reduce Control Sets                : Auto
Add IO Buffers                     : YES
Global Maximum Fanout              : 100000
Add Generic Clock Buffer(BUFG)     : 32
Register Duplication               : YES
Optimize Instantiated Primitives   : NO
Use Clock Enable                   : Auto
Use Synchronous Set                : Auto
Use Synchronous Reset              : Auto
Pack IO Registers into IOBs        : Auto
Equivalent register Removal        : YES

---- General Options
Optimization Goal                  : Speed
Optimization Effort                : 1
Power Reduction                    : NO
Keep Hierarchy                     : No
Netlist Hierarchy                  : As_Optimized
RTL Output                         : Yes
Global Optimization                : AllClockNets
Read Cores                         : YES
Write Timing Constraints           : NO
Cross Clock Analysis               : NO
Hierarchy Separator                : /
Bus Delimiter                      : <>
Case Specifier                     : Maintain
Slice Utilization Ratio            : 100
BRAM Utilization Ratio             : 100
DSP48 Utilization Ratio            : 100
Auto BRAM Packing                  : NO
Slice Utilization Ratio Delta      : 5

=========================================================================


=========================================================================
*                          HDL Parsing                                  *
=========================================================================
Analyzing Verilog file "C:\Users\admin\Documents\Visual Studio 2015\Projects\Laboratory\Xilinxs\PR2\ToValue.v" into library work
Parsing module <ToValue>.
Analyzing Verilog file "C:\Users\admin\Documents\Visual Studio 2015\Projects\Laboratory\Xilinxs\PR2\ToDysplay.v" into library work
Parsing module <ToDysplay>.
Analyzing Verilog file "C:\Users\admin\Documents\Visual Studio 2015\Projects\Laboratory\Xilinxs\PR2\ButtonFilter.v" into library work
Parsing module <ButtonFilter>.
Analyzing Verilog file "C:\Users\admin\Documents\Visual Studio 2015\Projects\Laboratory\Xilinxs\PR2\TOP.v" into library work
Parsing module <TOP>.

=========================================================================
*                            HDL Elaboration                            *
=========================================================================

Elaborating module <TOP>.
WARNING:HDLCompiler:413 - "C:\Users\admin\Documents\Visual Studio 2015\Projects\Laboratory\Xilinxs\PR2\TOP.v" Line 31: Result of 7-bit expression is truncated to fit in 6-bit target.
WARNING:HDLCompiler:413 - "C:\Users\admin\Documents\Visual Studio 2015\Projects\Laboratory\Xilinxs\PR2\TOP.v" Line 53: Result of 3-bit expression is truncated to fit in 2-bit target.
WARNING:HDLCompiler:413 - "C:\Users\admin\Documents\Visual Studio 2015\Projects\Laboratory\Xilinxs\PR2\TOP.v" Line 56: Result of 11-bit expression is truncated to fit in 10-bit target.

Elaborating module <ButtonFilter>.
WARNING:HDLCompiler:413 - "C:\Users\admin\Documents\Visual Studio 2015\Projects\Laboratory\Xilinxs\PR2\ButtonFilter.v" Line 21: Result of 13-bit expression is truncated to fit in 12-bit target.

Elaborating module <ToValue>.

Elaborating module <ToDysplay>.

=========================================================================
*                           HDL Synthesis                               *
=========================================================================

Synthesizing Unit <TOP>.
    Related source file is "C:\Users\admin\Documents\Visual Studio 2015\Projects\Laboratory\Xilinxs\PR2\TOP.v".
    Found 6-bit register for signal <ADDRESS>.
    Found 10-bit register for signal <UPDATE_TIMER>.
    Found 2-bit register for signal <STATE>.
    Found 1-bit register for signal <LED0>.
    Found 4-bit register for signal <SEG_BUFF>.
    Found 3-bit register for signal <AN>.
    Found 6-bit adder for signal <ADDRESS[5]_GND_1_o_add_0_OUT> created at line 31.
    Found 2-bit adder for signal <STATE[1]_GND_1_o_add_9_OUT> created at line 53.
    Found 10-bit adder for signal <UPDATE_TIMER[9]_GND_1_o_add_11_OUT> created at line 56.
    Found 1-bit 4-to-1 multiplexer for signal <ADDRESS[1]_VALUE[3]_Mux_2_o> created at line 34.
    Summary:
	inferred   3 Adder/Subtractor(s).
	inferred  26 D-type flip-flop(s).
	inferred   1 Multiplexer(s).
Unit <TOP> synthesized.

Synthesizing Unit <ButtonFilter>.
    Related source file is "C:\Users\admin\Documents\Visual Studio 2015\Projects\Laboratory\Xilinxs\PR2\ButtonFilter.v".
    Found 12-bit register for signal <counter>.
    Found 1-bit register for signal <SET>.
    Found 1-bit register for signal <Enable>.
    Found 12-bit adder for signal <counter[11]_GND_2_o_add_1_OUT> created at line 21.
    Summary:
	inferred   1 Adder/Subtractor(s).
	inferred  14 D-type flip-flop(s).
Unit <ButtonFilter> synthesized.

Synthesizing Unit <ToValue>.
    Related source file is "C:\Users\admin\Documents\Visual Studio 2015\Projects\Laboratory\Xilinxs\PR2\ToValue.v".
    Found 16x4-bit Read Only RAM for signal <Y>
    Summary:
	inferred   1 RAM(s).
Unit <ToValue> synthesized.

Synthesizing Unit <ToDysplay>.
    Related source file is "C:\Users\admin\Documents\Visual Studio 2015\Projects\Laboratory\Xilinxs\PR2\ToDysplay.v".
    Summary:
	no macro.
Unit <ToDysplay> synthesized.

=========================================================================
HDL Synthesis Report

Macro Statistics
# RAMs                                                 : 1
 16x4-bit single-port Read Only RAM                    : 1
# Adders/Subtractors                                   : 4
 10-bit adder                                          : 1
 12-bit adder                                          : 1
 2-bit adder                                           : 1
 6-bit adder                                           : 1
# Registers                                            : 9
 1-bit register                                        : 3
 10-bit register                                       : 1
 12-bit register                                       : 1
 2-bit register                                        : 1
 3-bit register                                        : 1
 4-bit register                                        : 1
 6-bit register                                        : 1
# Multiplexers                                         : 1
 1-bit 4-to-1 multiplexer                              : 1

=========================================================================

=========================================================================
*                       Advanced HDL Synthesis                          *
=========================================================================


Synthesizing (advanced) Unit <ButtonFilter>.
The following registers are absorbed into counter <counter>: 1 register on signal <counter>.
Unit <ButtonFilter> synthesized (advanced).

Synthesizing (advanced) Unit <TOP>.
The following registers are absorbed into counter <ADDRESS>: 1 register on signal <ADDRESS>.
The following registers are absorbed into counter <UPDATE_TIMER>: 1 register on signal <UPDATE_TIMER>.
The following registers are absorbed into counter <STATE>: 1 register on signal <STATE>.
Unit <TOP> synthesized (advanced).

Synthesizing (advanced) Unit <ToValue>.
INFO:Xst:3218 - HDL ADVISOR - The RAM <Mram_Y> will be implemented on LUTs either because you have described an asynchronous read or because of currently unsupported block RAM features. If you have described an asynchronous read, making it synchronous would allow you to take advantage of available block RAM resources, for optimized device usage and improved timings. Please refer to your documentation for coding guidelines.
    -----------------------------------------------------------------------
    | ram_type           | Distributed                         |          |
    -----------------------------------------------------------------------
    | Port A                                                              |
    |     aspect ratio   | 16-word x 4-bit                     |          |
    |     weA            | connected to signal <GND>           | high     |
    |     addrA          | connected to signal <X>             |          |
    |     diA            | connected to signal <GND>           |          |
    |     doA            | connected to signal <Y>             |          |
    -----------------------------------------------------------------------
Unit <ToValue> synthesized (advanced).

=========================================================================
Advanced HDL Synthesis Report

Macro Statistics
# RAMs                                                 : 1
 16x4-bit single-port distributed Read Only RAM        : 1
# Counters                                             : 4
 10-bit up counter                                     : 1
 12-bit up counter                                     : 1
 2-bit up counter                                      : 1
 6-bit up counter                                      : 1
# Registers                                            : 10
 Flip-Flops                                            : 10
# Multiplexers                                         : 1
 1-bit 4-to-1 multiplexer                              : 1

=========================================================================

=========================================================================
*                         Low Level Synthesis                           *
=========================================================================

Optimizing unit <TOP> ...

Mapping all equations...
Building and optimizing final netlist ...
Found area constraint ratio of 100 (+ 5) on block TOP, actual ratio is 0.

Final Macro Processing ...

=========================================================================
Final Register Report

Macro Statistics
# Registers                                            : 40
 Flip-Flops                                            : 40

=========================================================================

=========================================================================
*                           Partition Report                            *
=========================================================================

Partition Implementation Status
-------------------------------

  No Partitions were found in this design.

-------------------------------

=========================================================================
*                            Design Summary                             *
=========================================================================

Top Level Output File Name         : TOP.ngc

Primitive and Black Box Usage:
------------------------------
# BELS                             : 100
#      GND                         : 1
#      INV                         : 6
#      LUT1                        : 20
#      LUT2                        : 5
#      LUT3                        : 5
#      LUT4                        : 8
#      LUT5                        : 5
#      LUT6                        : 7
#      MUXCY                       : 20
#      VCC                         : 1
#      XORCY                       : 22
# FlipFlops/Latches                : 40
#      FDC                         : 10
#      FDCE                        : 8
#      FDE                         : 8
#      FDR                         : 14
# Clock Buffers                    : 1
#      BUFGP                       : 1
# IO Buffers                       : 13
#      IBUF                        : 2
#      OBUF                        : 11

Device utilization summary:
---------------------------

Selected Device : 7a100tcsg324-3 


Slice Logic Utilization: 
 Number of Slice Registers:              40  out of  126800     0%  
 Number of Slice LUTs:                   56  out of  63400     0%  
    Number used as Logic:                56  out of  63400     0%  

Slice Logic Distribution: 
 Number of LUT Flip Flop pairs used:     56
   Number with an unused Flip Flop:      16  out of     56    28%  
   Number with an unused LUT:             0  out of     56     0%  
   Number of fully used LUT-FF pairs:    40  out of     56    71%  
   Number of unique control sets:         6

IO Utilization: 
 Number of IOs:                          14
 Number of bonded IOBs:                  14  out of    210     6%  

Specific Feature Utilization:
 Number of BUFG/BUFGCTRLs:                1  out of     32     3%  

---------------------------
Partition Resource Summary:
---------------------------

  No Partitions were found in this design.

---------------------------


=========================================================================
Timing Report

NOTE: THESE TIMING NUMBERS ARE ONLY A SYNTHESIS ESTIMATE.
      FOR ACCURATE TIMING INFORMATION PLEASE REFER TO THE TRACE REPORT
      GENERATED AFTER PLACE-and-ROUTE.

Clock Information:
------------------
-----------------------------------+------------------------+-------+
Clock Signal                       | Clock buffer(FF name)  | Load  |
-----------------------------------+------------------------+-------+
CLK                                | BUFGP                  | 40    |
-----------------------------------+------------------------+-------+

Asynchronous Control Signals Information:
----------------------------------------
No asynchronous control signals found in this design

Timing Summary:
---------------
Speed Grade: -3

   Minimum period: 1.719ns (Maximum Frequency: 581.903MHz)
   Minimum input arrival time before clock: 1.110ns
   Maximum output required time after clock: 1.322ns
   Maximum combinational path delay: No path found

Timing Details:
---------------
All values displayed in nanoseconds (ns)

=========================================================================
Timing constraint: Default period analysis for Clock 'CLK'
  Clock period: 1.719ns (frequency: 581.903MHz)
  Total number of paths / destination ports: 246 / 49
-------------------------------------------------------------------------
Delay:               1.719ns (Levels of Logic = 13)
  Source:            CL1/counter_0 (FF)
  Destination:       CL1/counter_11 (FF)
  Source Clock:      CLK rising
  Destination Clock: CLK rising

  Data Path: CL1/counter_0 to CL1/counter_11
                                Gate     Net
    Cell:in->out      fanout   Delay   Delay  Logical Name (Net Name)
    ----------------------------------------  ------------
     FDR:C->Q              2   0.361   0.283  CL1/counter_0 (CL1/counter_0)
     INV:I->O              1   0.113   0.000  CL1/Mcount_counter_lut<0>_INV_0 (CL1/Mcount_counter_lut<0>)
     MUXCY:S->O            1   0.353   0.000  CL1/Mcount_counter_cy<0> (CL1/Mcount_counter_cy<0>)
     MUXCY:CI->O           1   0.023   0.000  CL1/Mcount_counter_cy<1> (CL1/Mcount_counter_cy<1>)
     MUXCY:CI->O           1   0.023   0.000  CL1/Mcount_counter_cy<2> (CL1/Mcount_counter_cy<2>)
     MUXCY:CI->O           1   0.023   0.000  CL1/Mcount_counter_cy<3> (CL1/Mcount_counter_cy<3>)
     MUXCY:CI->O           1   0.023   0.000  CL1/Mcount_counter_cy<4> (CL1/Mcount_counter_cy<4>)
     MUXCY:CI->O           1   0.023   0.000  CL1/Mcount_counter_cy<5> (CL1/Mcount_counter_cy<5>)
     MUXCY:CI->O           1   0.023   0.000  CL1/Mcount_counter_cy<6> (CL1/Mcount_counter_cy<6>)
     MUXCY:CI->O           1   0.023   0.000  CL1/Mcount_counter_cy<7> (CL1/Mcount_counter_cy<7>)
     MUXCY:CI->O           1   0.023   0.000  CL1/Mcount_counter_cy<8> (CL1/Mcount_counter_cy<8>)
     MUXCY:CI->O           1   0.023   0.000  CL1/Mcount_counter_cy<9> (CL1/Mcount_counter_cy<9>)
     MUXCY:CI->O           0   0.023   0.000  CL1/Mcount_counter_cy<10> (CL1/Mcount_counter_cy<10>)
     XORCY:CI->O           1   0.370   0.000  CL1/Mcount_counter_xor<11> (Result<11>)
     FDR:D                     0.008          CL1/counter_11
    ----------------------------------------
    Total                      1.719ns (1.435ns logic, 0.283ns route)
                                       (83.5% logic, 16.5% route)

=========================================================================
Timing constraint: Default OFFSET IN BEFORE for Clock 'CLK'
  Total number of paths / destination ports: 40 / 40
-------------------------------------------------------------------------
Offset:              1.110ns (Levels of Logic = 2)
  Source:            BTNC (PAD)
  Destination:       CL1/Enable (FF)
  Destination Clock: CLK rising

  Data Path: BTNC to CL1/Enable
                                Gate     Net
    Cell:in->out      fanout   Delay   Delay  Logical Name (Net Name)
    ----------------------------------------  ------------
     IBUF:I->O             2   0.001   0.383  BTNC_IBUF (BTNC_IBUF)
     LUT2:I0->O            1   0.097   0.279  CL1/SET11 (CL1/SET_0)
     FDR:R                     0.349          CL1/Enable
    ----------------------------------------
    Total                      1.110ns (0.447ns logic, 0.663ns route)
                                       (40.3% logic, 59.7% route)

=========================================================================
Timing constraint: Default OFFSET OUT AFTER for Clock 'CLK'
  Total number of paths / destination ports: 32 / 11
-------------------------------------------------------------------------
Offset:              1.322ns (Levels of Logic = 2)
  Source:            SEG_BUFF_1 (FF)
  Destination:       SEG<6> (PAD)
  Source Clock:      CLK rising

  Data Path: SEG_BUFF_1 to SEG<6>
                                Gate     Net
    Cell:in->out      fanout   Delay   Delay  Logical Name (Net Name)
    ----------------------------------------  ------------
     FDE:C->Q              7   0.361   0.584  SEG_BUFF_1 (SEG_BUFF_1)
     LUT4:I0->O            1   0.097   0.279  CL3/Y<6>1 (SEG_6_OBUF)
     OBUF:I->O                 0.000          SEG_6_OBUF (SEG<6>)
    ----------------------------------------
    Total                      1.322ns (0.458ns logic, 0.864ns route)
                                       (34.7% logic, 65.3% route)

=========================================================================

Cross Clock Domains Report:
--------------------------

Clock to Setup on destination clock CLK
---------------+---------+---------+---------+---------+
               | Src:Rise| Src:Fall| Src:Rise| Src:Fall|
Source Clock   |Dest:Rise|Dest:Rise|Dest:Fall|Dest:Fall|
---------------+---------+---------+---------+---------+
CLK            |    1.719|         |         |         |
---------------+---------+---------+---------+---------+

=========================================================================


Total REAL time to Xst completion: 10.00 secs
Total CPU time to Xst completion: 9.65 secs
 
--> 

Total memory usage is 410316 kilobytes

Number of errors   :    0 (   0 filtered)
Number of warnings :    4 (   0 filtered)
Number of infos    :    1 (   0 filtered)

